[33m▲ [43;33m[[43;30mWARNING[43;33m][0m [1mMissing required secrets: GOOGLE_CLIENT_ID, GOOGLE_CLIENT_SECRET. Add them to .dev.vars, .env, or set as environment variables.[0m


[31mX [41;31m[[41;97mERROR[41;31m][0m [1mPalestine Challenge API failure Error: D1_ERROR: no such table: player_career_saves: SQLITE_ERROR[0m

      at D1DatabaseSessionAlwaysPrimary._sendOrThrow (cloudflare-internal:d1-api:146:19)
      at null.<anonymous> (async cloudflare-internal:d1-api:331:39)
      at async accountPlayerCareer (file:///C:/Users/moham/Documents/256%20team%20wc%20tourney/challenge-service.mjs:2089:17)
      at async handleChallengeRequest (file:///C:/Users/moham/Documents/256%20team%20wc%20tourney/challenge-service.mjs:2175:58)
      at async Object.fetch (file:///C:/Users/moham/Documents/256%20team%20wc%20tourney/worker.mjs:80:22)
      at async jsonError (file:///C:/Users/moham/Documents/256%20team%20wc%20tourney/node_modules/wrangler/templates/middleware/middleware-miniflare3-json-error.ts:22:10)
      at async drainBody (file:///C:/Users/moham/Documents/256%20team%20wc%20tourney/node_modules/wrangler/templates/middleware/middleware-ensure-req-body-drained.ts:5:10)


[31mX [41;31m[[41;97mERROR[41;31m][0m [1mPalestine Challenge API failure Error: D1_ERROR: no such table: player_career_saves: SQLITE_ERROR[0m

      at D1DatabaseSessionAlwaysPrimary._sendOrThrow (cloudflare-internal:d1-api:146:19)
      at null.<anonymous> (async cloudflare-internal:d1-api:331:39)
      at async accountPlayerCareer (file:///C:/Users/moham/Documents/256%20team%20wc%20tourney/challenge-service.mjs:2089:17)
      at async handleChallengeRequest (file:///C:/Users/moham/Documents/256%20team%20wc%20tourney/challenge-service.mjs:2175:58)
      at async Object.fetch (file:///C:/Users/moham/Documents/256%20team%20wc%20tourney/worker.mjs:80:22)
      at async jsonError (file:///C:/Users/moham/Documents/256%20team%20wc%20tourney/node_modules/wrangler/templates/middleware/middleware-miniflare3-json-error.ts:22:10)
      at async drainBody (file:///C:/Users/moham/Documents/256%20team%20wc%20tourney/node_modules/wrangler/templates/middleware/middleware-ensure-req-body-drained.ts:5:10)


[31mX [41;31m[[41;97mERROR[41;31m][0m [1mPalestine Challenge API failure Error: D1_ERROR: no such table: player_career_saves: SQLITE_ERROR[0m

      at D1DatabaseSessionAlwaysPrimary._sendOrThrow (cloudflare-internal:d1-api:146:19)
      at null.<anonymous> (async cloudflare-internal:d1-api:331:39)
      at async accountPlayerCareer (file:///C:/Users/moham/Documents/256%20team%20wc%20tourney/challenge-service.mjs:2089:17)
      at async handleChallengeRequest (file:///C:/Users/moham/Documents/256%20team%20wc%20tourney/challenge-service.mjs:2175:58)
      at async Object.fetch (file:///C:/Users/moham/Documents/256%20team%20wc%20tourney/worker.mjs:80:22)
      at async jsonError (file:///C:/Users/moham/Documents/256%20team%20wc%20tourney/node_modules/wrangler/templates/middleware/middleware-miniflare3-json-error.ts:22:10)
      at async drainBody (file:///C:/Users/moham/Documents/256%20team%20wc%20tourney/node_modules/wrangler/templates/middleware/middleware-ensure-req-body-drained.ts:5:10)


[31mX [41;31m[[41;97mERROR[41;31m][0m [1mPalestine Challenge API failure Error: D1_ERROR: no such table: player_career_saves: SQLITE_ERROR[0m

      at D1DatabaseSessionAlwaysPrimary._sendOrThrow (cloudflare-internal:d1-api:146:19)
      at null.<anonymous> (async cloudflare-internal:d1-api:331:39)
      at async accountPlayerCareer (file:///C:/Users/moham/Documents/256%20team%20wc%20tourney/challenge-service.mjs:2089:17)
      at async handleChallengeRequest (file:///C:/Users/moham/Documents/256%20team%20wc%20tourney/challenge-service.mjs:2175:58)
      at async Object.fetch (file:///C:/Users/moham/Documents/256%20team%20wc%20tourney/worker.mjs:80:22)
      at async jsonError (file:///C:/Users/moham/Documents/256%20team%20wc%20tourney/node_modules/wrangler/templates/middleware/middleware-miniflare3-json-error.ts:22:10)
      at async drainBody (file:///C:/Users/moham/Documents/256%20team%20wc%20tourney/node_modules/wrangler/templates/middleware/middleware-ensure-req-body-drained.ts:5:10)


[33m▲ [43;33m[[43;30mWARNING[43;33m][0m [1mMissing required secrets: GOOGLE_CLIENT_ID, GOOGLE_CLIENT_SECRET. Add them to .dev.vars, .env, or set as environment variables.[0m


