[     369ms] [ERROR] Setting the document's base URI to 'http://localhost:8787/' violates the following Content Security Policy directive: "base-uri 'none'". The action has been blocked. @ http://localhost:8787/:4
[     731ms] [ERROR] Failed to load resource: the server responded with a status of 404 (Not Found) @ http://localhost:8787/premier-league-fc26-ratings.js?v=fc26-official-1:0
[     731ms] [ERROR] Refused to execute script from 'http://localhost:8787/premier-league-fc26-ratings.js?v=fc26-official-1' because its MIME type ('') is not executable, and strict MIME type checking is enabled. @ http://localhost:8787/:0
[   43108ms] [ERROR] Setting the document's base URI to 'http://localhost:8787/' violates the following Content Security Policy directive: "base-uri 'none'". The action has been blocked. @ http://localhost:8787/:4
[   43499ms] [ERROR] Failed to load resource: the server responded with a status of 404 (Not Found) @ http://localhost:8787/premier-league-fc26-ratings.js?v=fc26-official-1:0
[   43511ms] [ERROR] Refused to execute script from 'http://localhost:8787/premier-league-fc26-ratings.js?v=fc26-official-1' because its MIME type ('') is not executable, and strict MIME type checking is enabled. @ http://localhost:8787/:0
[   83583ms] [ERROR] Setting the document's base URI to 'http://localhost:8787/' violates the following Content Security Policy directive: "base-uri 'none'". The action has been blocked. @ http://localhost:8787/:4
[   84032ms] [ERROR] Failed to load resource: the server responded with a status of 404 (Not Found) @ http://localhost:8787/premier-league-fc26-ratings.js?v=fc26-official-1:0
[   84044ms] [ERROR] Refused to execute script from 'http://localhost:8787/premier-league-fc26-ratings.js?v=fc26-official-1' because its MIME type ('') is not executable, and strict MIME type checking is enabled. @ http://localhost:8787/:0
[  136954ms] [ERROR] Setting the document's base URI to 'http://localhost:8787/' violates the following Content Security Policy directive: "base-uri 'none'". The action has been blocked. @ http://localhost:8787/:4
[  137433ms] [ERROR] Failed to load resource: the server responded with a status of 404 (Not Found) @ http://localhost:8787/premier-league-fc26-ratings.js?v=fc26-official-1:0
[  137449ms] [ERROR] Refused to execute script from 'http://localhost:8787/premier-league-fc26-ratings.js?v=fc26-official-1' because its MIME type ('') is not executable, and strict MIME type checking is enabled. @ http://localhost:8787/:0
[  178410ms] [ERROR] Setting the document's base URI to 'http://localhost:8787/' violates the following Content Security Policy directive: "base-uri 'none'". The action has been blocked. @ http://localhost:8787/:4
[  178762ms] [ERROR] Failed to load resource: the server responded with a status of 404 (Not Found) @ http://localhost:8787/premier-league-fc26-ratings.js?v=fc26-official-1:0
[  178762ms] [ERROR] Refused to execute script from 'http://localhost:8787/premier-league-fc26-ratings.js?v=fc26-official-1' because its MIME type ('') is not executable, and strict MIME type checking is enabled. @ http://localhost:8787/:0
[  195605ms] [ERROR] Setting the document's base URI to 'http://localhost:8787/' violates the following Content Security Policy directive: "base-uri 'none'". The action has been blocked. @ http://localhost:8787/:4
[  196074ms] [ERROR] Failed to load resource: the server responded with a status of 404 (Not Found) @ http://localhost:8787/premier-league-fc26-ratings.js?v=fc26-official-1:0
[  196074ms] [ERROR] Refused to execute script from 'http://localhost:8787/premier-league-fc26-ratings.js?v=fc26-official-1' because its MIME type ('') is not executable, and strict MIME type checking is enabled. @ http://localhost:8787/:0
[ 1021855ms] [ERROR] Setting the document's base URI to 'http://localhost:8787/' violates the following Content Security Policy directive: "base-uri 'none'". The action has been blocked. @ http://localhost:8787/:4
[ 1022258ms] [ERROR] Failed to load resource: the server responded with a status of 404 (Not Found) @ http://localhost:8787/premier-league-fc26-ratings.js?v=fc26-official-1:0
[ 1022278ms] [ERROR] Refused to execute script from 'http://localhost:8787/premier-league-fc26-ratings.js?v=fc26-official-1' because its MIME type ('') is not executable, and strict MIME type checking is enabled. @ http://localhost:8787/:0
[ 1025761ms] [ERROR] Setting the document's base URI to 'http://localhost:8787/' violates the following Content Security Policy directive: "base-uri 'none'". The action has been blocked. @ http://localhost:8787/:4
[ 1026228ms] [ERROR] Failed to load resource: the server responded with a status of 404 (Not Found) @ http://localhost:8787/premier-league-fc26-ratings.js?v=fc26-official-1:0
[ 1026228ms] [ERROR] Refused to execute script from 'http://localhost:8787/premier-league-fc26-ratings.js?v=fc26-official-1' because its MIME type ('') is not executable, and strict MIME type checking is enabled. @ http://localhost:8787/:0
[ 1028002ms] [ERROR] Setting the document's base URI to 'http://localhost:8787/' violates the following Content Security Policy directive: "base-uri 'none'". The action has been blocked. @ http://localhost:8787/:4
[ 1028788ms] [ERROR] Failed to load resource: the server responded with a status of 404 (Not Found) @ http://localhost:8787/premier-league-fc26-ratings.js?v=fc26-official-1:0
[ 1028788ms] [ERROR] Refused to execute script from 'http://localhost:8787/premier-league-fc26-ratings.js?v=fc26-official-1' because its MIME type ('') is not executable, and strict MIME type checking is enabled. @ http://localhost:8787/:0
[ 1138148ms] [ERROR] Setting the document's base URI to 'http://localhost:8787/' violates the following Content Security Policy directive: "base-uri 'none'". The action has been blocked. @ http://localhost:8787/:4
[ 1138727ms] [ERROR] Failed to load resource: the server responded with a status of 404 (Not Found) @ http://localhost:8787/premier-league-fc26-ratings.js?v=fc26-official-1:0
[ 1138727ms] [ERROR] Refused to execute script from 'http://localhost:8787/premier-league-fc26-ratings.js?v=fc26-official-1' because its MIME type ('') is not executable, and strict MIME type checking is enabled. @ http://localhost:8787/:0
[ 1267868ms] [ERROR] Setting the document's base URI to 'http://localhost:8787/' violates the following Content Security Policy directive: "base-uri 'none'". The action has been blocked. @ http://localhost:8787/:4
[ 1268279ms] [ERROR] Failed to load resource: the server responded with a status of 404 (Not Found) @ http://localhost:8787/premier-league-fc26-ratings.js?v=fc26-official-1:0
[ 1268280ms] [ERROR] Refused to execute script from 'http://localhost:8787/premier-league-fc26-ratings.js?v=fc26-official-1' because its MIME type ('') is not executable, and strict MIME type checking is enabled. @ http://localhost:8787/:0
[ 1448003ms] [ERROR] Setting the document's base URI to 'http://localhost:8787/' violates the following Content Security Policy directive: "base-uri 'none'". The action has been blocked. @ http://localhost:8787/:4
[ 1448340ms] [ERROR] Failed to load resource: the server responded with a status of 404 (Not Found) @ http://localhost:8787/premier-league-fc26-ratings.js?v=fc26-official-1:0
[ 1448340ms] [ERROR] Refused to execute script from 'http://localhost:8787/premier-league-fc26-ratings.js?v=fc26-official-1' because its MIME type ('') is not executable, and strict MIME type checking is enabled. @ http://localhost:8787/:0
[ 2409222ms] [ERROR] Setting the document's base URI to 'http://localhost:8787/' violates the following Content Security Policy directive: "base-uri 'none'". The action has been blocked. @ http://localhost:8787/:4
[ 2409678ms] [ERROR] Failed to load resource: the server responded with a status of 404 (Not Found) @ http://localhost:8787/premier-league-fc26-ratings.js?v=fc26-official-1:0
[ 2409678ms] [ERROR] Refused to execute script from 'http://localhost:8787/premier-league-fc26-ratings.js?v=fc26-official-1' because its MIME type ('') is not executable, and strict MIME type checking is enabled. @ http://localhost:8787/:0
[ 4264987ms] [ERROR] Setting the document's base URI to 'http://localhost:8787/' violates the following Content Security Policy directive: "base-uri 'none'". The action has been blocked. @ http://localhost:8787/:4
[ 4265332ms] [ERROR] Failed to load resource: the server responded with a status of 404 (Not Found) @ http://localhost:8787/premier-league-fc26-ratings.js?v=fc26-official-1:0
[ 4265349ms] [ERROR] Refused to execute script from 'http://localhost:8787/premier-league-fc26-ratings.js?v=fc26-official-1' because its MIME type ('') is not executable, and strict MIME type checking is enabled. @ http://localhost:8787/:0
[ 4689853ms] [ERROR] Setting the document's base URI to 'http://localhost:8787/' violates the following Content Security Policy directive: "base-uri 'none'". The action has been blocked. @ http://localhost:8787/:4
[ 4690240ms] [ERROR] Failed to load resource: the server responded with a status of 404 (Not Found) @ http://localhost:8787/premier-league-fc26-ratings.js?v=fc26-official-1:0
[ 4690250ms] [ERROR] Refused to execute script from 'http://localhost:8787/premier-league-fc26-ratings.js?v=fc26-official-1' because its MIME type ('') is not executable, and strict MIME type checking is enabled. @ http://localhost:8787/:0
[ 4690557ms] [ERROR] Failed to load resource: the server responded with a status of 404 (Not Found) @ http://localhost:8787/_vercel/insights/script.js:0
[ 4690622ms] [ERROR] Refused to execute script from 'http://localhost:8787/_vercel/insights/script.js' because its MIME type ('') is not executable, and strict MIME type checking is enabled. @ http://localhost:8787/:0
