0 verbose cli C:\Program Files\nodejs\node.exe C:\Program Files\nodejs\node_modules\npm\bin\npm-cli.js
1 info using npm@11.12.1
2 info using node@v24.15.0
3 silly config load:file:C:\Program Files\nodejs\node_modules\npm\npmrc
4 silly config load:file:C:\Users\moham\Documents\256 team wc tourney\.npmrc
5 silly config load:file:C:\Users\moham\.npmrc
6 silly config load:file:C:\Users\moham\AppData\Roaming\npm\etc\npmrc
7 verbose title npm exec wrangler --version
8 verbose argv "exec" "--" "wrangler" "--version"
9 verbose logfile logs-max:10 dir:C:\Users\moham\Documents\256 team wc tourney\.npm-cache-wrangler-deploy\_logs\2026-07-25T02_05_24_943Z-
10 verbose logfile C:\Users\moham\Documents\256 team wc tourney\.npm-cache-wrangler-deploy\_logs\2026-07-25T02_05_24_943Z-debug-0.log
11 silly logfile done cleaning log files
12 silly packumentCache heap:4496293888 maxSize:1124073472 maxEntrySize:562036736
13 verbose shrinkwrap failed to load node_modules/.package-lock.json out of date, updated: node_modules
14 http fetch GET 200 https://registry.npmjs.org/npm 1391ms
15 http fetch GET 200 https://registry.npmjs.org/wrangler 2041ms (cache miss)
16 silly packumentCache heap:4496293888 maxSize:1124073472 maxEntrySize:562036736
17 silly packumentCache heap:4496293888 maxSize:1124073472 maxEntrySize:562036736
18 warn exec The following package was not found and will be installed: wrangler@4.114.0
19 silly idealTree buildDeps
20 silly fetch manifest wrangler@4.114.0
21 silly packumentCache full:https://registry.npmjs.org/wrangler cache-miss
22 http fetch GET 200 https://registry.npmjs.org/wrangler 4575ms (cache miss)
23 silly packumentCache full:https://registry.npmjs.org/wrangler set size:undefined disposed:false
24 silly fetch manifest @cloudflare/workers-types@^5.20260722.1
25 silly packumentCache full:https://registry.npmjs.org/@cloudflare%2fworkers-types cache-miss
26 http fetch GET 200 https://registry.npmjs.org/@cloudflare%2fworkers-types 112ms (cache miss)
27 silly packumentCache full:https://registry.npmjs.org/@cloudflare%2fworkers-types set size:undefined disposed:false
28 silly placeDep ROOT wrangler@4.114.0 OK for:  want: 4.114.0
29 silly fetch manifest blake3-wasm@2.1.5
30 silly packumentCache full:https://registry.npmjs.org/blake3-wasm cache-miss
31 silly fetch manifest esbuild@0.28.1
32 silly packumentCache full:https://registry.npmjs.org/esbuild cache-miss
33 silly fetch manifest path-to-regexp@6.3.0
34 silly packumentCache full:https://registry.npmjs.org/path-to-regexp cache-miss
35 silly fetch manifest unenv@2.0.0-rc.24
36 silly packumentCache full:https://registry.npmjs.org/unenv cache-miss
37 silly fetch manifest workerd@1.20260722.1
38 silly packumentCache full:https://registry.npmjs.org/workerd cache-miss
39 silly fetch manifest @cloudflare/kv-asset-handler@0.5.0
40 silly packumentCache full:https://registry.npmjs.org/@cloudflare%2fkv-asset-handler cache-miss
41 silly fetch manifest @cloudflare/unenv-preset@2.16.1
42 silly packumentCache full:https://registry.npmjs.org/@cloudflare%2funenv-preset cache-miss
43 http fetch GET 200 https://registry.npmjs.org/blake3-wasm 42ms (cache miss)
44 silly packumentCache full:https://registry.npmjs.org/blake3-wasm set size:undefined disposed:false
45 silly fetch manifest miniflare@4.20260722.0
46 silly packumentCache full:https://registry.npmjs.org/miniflare cache-miss
47 http fetch GET 200 https://registry.npmjs.org/path-to-regexp 149ms (cache miss)
48 silly packumentCache full:https://registry.npmjs.org/path-to-regexp set size:undefined disposed:false
49 silly fetch manifest fsevents@2.3.3
50 silly packumentCache full:https://registry.npmjs.org/fsevents cache-miss
51 http fetch GET 200 https://registry.npmjs.org/esbuild 196ms (cache miss)
52 silly packumentCache full:https://registry.npmjs.org/esbuild set size:undefined disposed:false
53 http fetch GET 200 https://registry.npmjs.org/@cloudflare%2fkv-asset-handler 333ms (cache miss)
54 silly packumentCache full:https://registry.npmjs.org/@cloudflare%2fkv-asset-handler set size:undefined disposed:false
55 http fetch GET 200 https://registry.npmjs.org/fsevents 231ms (cache miss)
56 silly packumentCache full:https://registry.npmjs.org/fsevents set size:undefined disposed:false
57 http fetch GET 200 https://registry.npmjs.org/workerd 447ms (cache miss)
58 silly packumentCache full:https://registry.npmjs.org/workerd set size:undefined disposed:false
59 http fetch GET 200 https://registry.npmjs.org/unenv 628ms (cache miss)
60 silly packumentCache full:https://registry.npmjs.org/unenv set size:undefined disposed:false
61 http fetch GET 200 https://registry.npmjs.org/@cloudflare%2funenv-preset 1509ms (cache miss)
62 silly packumentCache full:https://registry.npmjs.org/@cloudflare%2funenv-preset set size:undefined disposed:false
63 http fetch GET 200 https://registry.npmjs.org/miniflare 1605ms (cache miss)
64 silly packumentCache full:https://registry.npmjs.org/miniflare set size:undefined disposed:false
65 silly placeDep ROOT @cloudflare/kv-asset-handler@0.5.0 OK for: wrangler@4.114.0 want: 0.5.0
66 silly placeDep ROOT @cloudflare/unenv-preset@2.16.1 OK for: wrangler@4.114.0 want: 2.16.1
67 silly placeDep ROOT unenv@2.0.0-rc.24 OK for: @cloudflare/unenv-preset@2.16.1 want: 2.0.0-rc.24
68 silly placeDep ROOT blake3-wasm@2.1.5 OK for: wrangler@4.114.0 want: 2.1.5
69 silly placeDep ROOT esbuild@0.28.1 OK for: wrangler@4.114.0 want: 0.28.1
70 silly placeDep ROOT fsevents@2.3.3 OK for: wrangler@4.114.0 want: 2.3.3
71 silly placeDep ROOT miniflare@4.20260722.0 OK for: wrangler@4.114.0 want: 4.20260722.0
72 silly placeDep ROOT path-to-regexp@6.3.0 OK for: wrangler@4.114.0 want: 6.3.0
73 silly placeDep ROOT workerd@1.20260722.1 OK for: wrangler@4.114.0 want: 1.20260722.1
74 silly fetch manifest pathe@^2.0.3
75 silly packumentCache full:https://registry.npmjs.org/pathe cache-miss
76 silly fetch manifest @esbuild/aix-ppc64@0.28.1
77 silly packumentCache full:https://registry.npmjs.org/@esbuild%2faix-ppc64 cache-miss
78 silly fetch manifest @esbuild/android-arm@0.28.1
79 silly packumentCache full:https://registry.npmjs.org/@esbuild%2fandroid-arm cache-miss
80 silly fetch manifest @esbuild/android-arm64@0.28.1
81 silly packumentCache full:https://registry.npmjs.org/@esbuild%2fandroid-arm64 cache-miss
82 silly fetch manifest @esbuild/android-x64@0.28.1
83 silly packumentCache full:https://registry.npmjs.org/@esbuild%2fandroid-x64 cache-miss
84 silly fetch manifest @esbuild/darwin-arm64@0.28.1
85 silly packumentCache full:https://registry.npmjs.org/@esbuild%2fdarwin-arm64 cache-miss
86 silly fetch manifest @esbuild/darwin-x64@0.28.1
87 silly packumentCache full:https://registry.npmjs.org/@esbuild%2fdarwin-x64 cache-miss
88 http fetch GET 200 https://registry.npmjs.org/pathe 192ms (cache miss)
89 silly packumentCache full:https://registry.npmjs.org/pathe set size:undefined disposed:false
90 silly fetch manifest @esbuild/freebsd-arm64@0.28.1
91 silly packumentCache full:https://registry.npmjs.org/@esbuild%2ffreebsd-arm64 cache-miss
92 http fetch GET 200 https://registry.npmjs.org/@esbuild%2faix-ppc64 343ms (cache miss)
93 silly packumentCache full:https://registry.npmjs.org/@esbuild%2faix-ppc64 set size:undefined disposed:false
94 silly fetch manifest @esbuild/freebsd-x64@0.28.1
95 silly packumentCache full:https://registry.npmjs.org/@esbuild%2ffreebsd-x64 cache-miss
96 http fetch GET 200 https://registry.npmjs.org/@esbuild%2fdarwin-arm64 386ms (cache miss)
97 silly packumentCache full:https://registry.npmjs.org/@esbuild%2fdarwin-arm64 set size:undefined disposed:false
98 silly fetch manifest @esbuild/linux-arm@0.28.1
99 silly packumentCache full:https://registry.npmjs.org/@esbuild%2flinux-arm cache-miss
100 http fetch GET 200 https://registry.npmjs.org/@esbuild%2fdarwin-x64 431ms (cache miss)
101 silly packumentCache full:https://registry.npmjs.org/@esbuild%2fdarwin-x64 set size:undefined disposed:false
102 silly fetch manifest @esbuild/linux-arm64@0.28.1
103 silly packumentCache full:https://registry.npmjs.org/@esbuild%2flinux-arm64 cache-miss
104 http fetch GET 200 https://registry.npmjs.org/@esbuild%2fandroid-arm64 438ms (cache miss)
105 silly packumentCache full:https://registry.npmjs.org/@esbuild%2fandroid-arm64 set size:undefined disposed:false
106 silly fetch manifest @esbuild/linux-ia32@0.28.1
107 silly packumentCache full:https://registry.npmjs.org/@esbuild%2flinux-ia32 cache-miss
108 http fetch GET 200 https://registry.npmjs.org/@esbuild%2fandroid-x64 500ms (cache miss)
109 silly packumentCache full:https://registry.npmjs.org/@esbuild%2fandroid-x64 set size:undefined disposed:false
110 silly fetch manifest @esbuild/linux-loong64@0.28.1
111 silly packumentCache full:https://registry.npmjs.org/@esbuild%2flinux-loong64 cache-miss
112 http fetch GET 200 https://registry.npmjs.org/@esbuild%2ffreebsd-arm64 505ms (cache miss)
113 silly packumentCache full:https://registry.npmjs.org/@esbuild%2ffreebsd-arm64 set size:undefined disposed:false
114 silly fetch manifest @esbuild/linux-mips64el@0.28.1
115 silly packumentCache full:https://registry.npmjs.org/@esbuild%2flinux-mips64el cache-miss
116 http fetch GET 200 https://registry.npmjs.org/@esbuild%2fandroid-arm 720ms (cache miss)
117 silly packumentCache full:https://registry.npmjs.org/@esbuild%2fandroid-arm set size:undefined disposed:false
118 silly fetch manifest @esbuild/linux-ppc64@0.28.1
119 silly packumentCache full:https://registry.npmjs.org/@esbuild%2flinux-ppc64 cache-miss
120 http fetch GET 200 https://registry.npmjs.org/@esbuild%2flinux-arm64 462ms (cache miss)
121 silly packumentCache full:https://registry.npmjs.org/@esbuild%2flinux-arm64 set size:undefined disposed:false
122 silly fetch manifest @esbuild/linux-riscv64@0.28.1
123 silly packumentCache full:https://registry.npmjs.org/@esbuild%2flinux-riscv64 cache-miss
124 http fetch GET 200 https://registry.npmjs.org/@esbuild%2flinux-arm 518ms (cache miss)
125 silly packumentCache full:https://registry.npmjs.org/@esbuild%2flinux-arm set size:undefined disposed:false
126 silly fetch manifest @esbuild/linux-s390x@0.28.1
127 silly packumentCache full:https://registry.npmjs.org/@esbuild%2flinux-s390x cache-miss
128 http fetch GET 200 https://registry.npmjs.org/@esbuild%2ffreebsd-x64 579ms (cache miss)
129 silly packumentCache full:https://registry.npmjs.org/@esbuild%2ffreebsd-x64 set size:undefined disposed:false
130 silly fetch manifest @esbuild/linux-x64@0.28.1
131 silly packumentCache full:https://registry.npmjs.org/@esbuild%2flinux-x64 cache-miss
132 http fetch GET 200 https://registry.npmjs.org/@esbuild%2flinux-ia32 490ms (cache miss)
133 silly packumentCache full:https://registry.npmjs.org/@esbuild%2flinux-ia32 set size:undefined disposed:false
134 silly fetch manifest @esbuild/netbsd-arm64@0.28.1
135 silly packumentCache full:https://registry.npmjs.org/@esbuild%2fnetbsd-arm64 cache-miss
136 http fetch GET 200 https://registry.npmjs.org/@esbuild%2flinux-loong64 552ms (cache miss)
137 silly packumentCache full:https://registry.npmjs.org/@esbuild%2flinux-loong64 set size:undefined disposed:false
138 silly fetch manifest @esbuild/netbsd-x64@0.28.1
139 silly packumentCache full:https://registry.npmjs.org/@esbuild%2fnetbsd-x64 cache-miss
140 http fetch GET 200 https://registry.npmjs.org/@esbuild%2flinux-mips64el 503ms (cache miss)
141 silly packumentCache full:https://registry.npmjs.org/@esbuild%2flinux-mips64el set size:undefined disposed:false
142 silly fetch manifest @esbuild/openbsd-arm64@0.28.1
143 silly packumentCache full:https://registry.npmjs.org/@esbuild%2fopenbsd-arm64 cache-miss
144 http fetch GET 200 https://registry.npmjs.org/@esbuild%2flinux-ppc64 516ms (cache miss)
145 silly packumentCache full:https://registry.npmjs.org/@esbuild%2flinux-ppc64 set size:undefined disposed:false
146 silly fetch manifest @esbuild/openbsd-x64@0.28.1
147 silly packumentCache full:https://registry.npmjs.org/@esbuild%2fopenbsd-x64 cache-miss
148 http fetch GET 200 https://registry.npmjs.org/@esbuild%2fnetbsd-arm64 568ms (cache miss)
149 silly packumentCache full:https://registry.npmjs.org/@esbuild%2fnetbsd-arm64 set size:undefined disposed:false
150 silly fetch manifest @esbuild/openharmony-arm64@0.28.1
151 silly packumentCache full:https://registry.npmjs.org/@esbuild%2fopenharmony-arm64 cache-miss
152 http fetch GET 200 https://registry.npmjs.org/@esbuild%2flinux-x64 633ms (cache miss)
153 silly packumentCache full:https://registry.npmjs.org/@esbuild%2flinux-x64 set size:undefined disposed:false
154 silly fetch manifest @esbuild/sunos-x64@0.28.1
155 silly packumentCache full:https://registry.npmjs.org/@esbuild%2fsunos-x64 cache-miss
156 http fetch GET 200 https://registry.npmjs.org/@esbuild%2flinux-riscv64 668ms (cache miss)
157 silly packumentCache full:https://registry.npmjs.org/@esbuild%2flinux-riscv64 set size:undefined disposed:false
158 silly fetch manifest @esbuild/win32-arm64@0.28.1
159 silly packumentCache full:https://registry.npmjs.org/@esbuild%2fwin32-arm64 cache-miss
160 http fetch GET 200 https://registry.npmjs.org/@esbuild%2flinux-s390x 657ms (cache miss)
161 silly packumentCache full:https://registry.npmjs.org/@esbuild%2flinux-s390x set size:undefined disposed:false
162 silly fetch manifest @esbuild/win32-ia32@0.28.1
163 silly packumentCache full:https://registry.npmjs.org/@esbuild%2fwin32-ia32 cache-miss
164 http fetch GET 200 https://registry.npmjs.org/@esbuild%2fopenbsd-arm64 377ms (cache miss)
165 silly packumentCache full:https://registry.npmjs.org/@esbuild%2fopenbsd-arm64 set size:undefined disposed:false
166 silly fetch manifest @esbuild/win32-x64@0.28.1
167 silly packumentCache full:https://registry.npmjs.org/@esbuild%2fwin32-x64 cache-miss
168 http fetch GET 200 https://registry.npmjs.org/@esbuild%2fopenbsd-x64 390ms (cache miss)
169 silly packumentCache full:https://registry.npmjs.org/@esbuild%2fopenbsd-x64 set size:undefined disposed:false
170 silly fetch manifest @cspotcode/source-map-support@0.8.1
171 silly packumentCache full:https://registry.npmjs.org/@cspotcode%2fsource-map-support cache-miss
172 http fetch GET 200 https://registry.npmjs.org/@esbuild%2fnetbsd-x64 587ms (cache miss)
173 silly packumentCache full:https://registry.npmjs.org/@esbuild%2fnetbsd-x64 set size:undefined disposed:false
174 silly fetch manifest sharp@0.35.2
175 silly packumentCache full:https://registry.npmjs.org/sharp cache-miss
176 http fetch GET 200 https://registry.npmjs.org/@esbuild%2fopenharmony-arm64 165ms (cache miss)
177 silly packumentCache full:https://registry.npmjs.org/@esbuild%2fopenharmony-arm64 set size:undefined disposed:false
178 silly fetch manifest undici@7.28.0
179 silly packumentCache full:https://registry.npmjs.org/undici cache-miss
180 http fetch GET 200 https://registry.npmjs.org/@esbuild%2fsunos-x64 204ms (cache miss)
181 silly packumentCache full:https://registry.npmjs.org/@esbuild%2fsunos-x64 set size:undefined disposed:false
182 silly fetch manifest ws@8.21.0
183 silly packumentCache full:https://registry.npmjs.org/ws cache-miss
184 http fetch GET 200 https://registry.npmjs.org/@esbuild%2fwin32-arm64 252ms (cache miss)
185 silly packumentCache full:https://registry.npmjs.org/@esbuild%2fwin32-arm64 set size:undefined disposed:false
186 silly fetch manifest youch@4.1.0-beta.10
187 silly packumentCache full:https://registry.npmjs.org/youch cache-miss
188 http fetch GET 200 https://registry.npmjs.org/@cspotcode%2fsource-map-support 249ms (cache miss)
189 silly packumentCache full:https://registry.npmjs.org/@cspotcode%2fsource-map-support set size:undefined disposed:false
190 silly fetch manifest @cloudflare/workerd-linux-64@1.20260722.1
191 silly packumentCache full:https://registry.npmjs.org/@cloudflare%2fworkerd-linux-64 cache-miss
192 http fetch GET 200 https://registry.npmjs.org/@esbuild%2fwin32-ia32 377ms (cache miss)
193 silly packumentCache full:https://registry.npmjs.org/@esbuild%2fwin32-ia32 set size:undefined disposed:false
194 silly fetch manifest @cloudflare/workerd-darwin-64@1.20260722.1
195 silly packumentCache full:https://registry.npmjs.org/@cloudflare%2fworkerd-darwin-64 cache-miss
196 http fetch GET 200 https://registry.npmjs.org/@esbuild%2fwin32-x64 397ms (cache miss)
197 silly packumentCache full:https://registry.npmjs.org/@esbuild%2fwin32-x64 set size:undefined disposed:false
198 silly fetch manifest @cloudflare/workerd-windows-64@1.20260722.1
199 silly packumentCache full:https://registry.npmjs.org/@cloudflare%2fworkerd-windows-64 cache-miss
200 http fetch GET 200 https://registry.npmjs.org/youch 342ms (cache miss)
201 silly packumentCache full:https://registry.npmjs.org/youch set size:undefined disposed:false
202 silly fetch manifest @cloudflare/workerd-linux-arm64@1.20260722.1
203 silly packumentCache full:https://registry.npmjs.org/@cloudflare%2fworkerd-linux-arm64 cache-miss
204 http fetch GET 200 https://registry.npmjs.org/ws 484ms (cache miss)
205 silly packumentCache full:https://registry.npmjs.org/ws set size:undefined disposed:false
206 silly fetch manifest @cloudflare/workerd-darwin-arm64@1.20260722.1
207 silly packumentCache full:https://registry.npmjs.org/@cloudflare%2fworkerd-darwin-arm64 cache-miss
208 http fetch GET 200 https://registry.npmjs.org/sharp 663ms (cache miss)
209 silly packumentCache full:https://registry.npmjs.org/sharp set size:undefined disposed:false
210 http fetch GET 200 https://registry.npmjs.org/undici 701ms (cache miss)
211 silly packumentCache full:https://registry.npmjs.org/undici set size:undefined disposed:false
212 http fetch GET 200 https://registry.npmjs.org/@cloudflare%2fworkerd-linux-64 692ms (cache miss)
213 silly packumentCache full:https://registry.npmjs.org/@cloudflare%2fworkerd-linux-64 set size:undefined disposed:false
214 http fetch GET 200 https://registry.npmjs.org/@cloudflare%2fworkerd-windows-64 708ms (cache miss)
215 silly packumentCache full:https://registry.npmjs.org/@cloudflare%2fworkerd-windows-64 set size:undefined disposed:false
216 http fetch GET 200 https://registry.npmjs.org/@cloudflare%2fworkerd-darwin-64 825ms (cache miss)
217 silly packumentCache full:https://registry.npmjs.org/@cloudflare%2fworkerd-darwin-64 set size:undefined disposed:false
218 http fetch GET 200 https://registry.npmjs.org/@cloudflare%2fworkerd-darwin-arm64 615ms (cache miss)
219 silly packumentCache full:https://registry.npmjs.org/@cloudflare%2fworkerd-darwin-arm64 set size:undefined disposed:false
220 http fetch GET 200 https://registry.npmjs.org/@cloudflare%2fworkerd-linux-arm64 731ms (cache miss)
221 silly packumentCache full:https://registry.npmjs.org/@cloudflare%2fworkerd-linux-arm64 set size:undefined disposed:false
222 silly placeDep ROOT @esbuild/aix-ppc64@0.28.1 OK for: esbuild@0.28.1 want: 0.28.1
223 silly placeDep ROOT @esbuild/android-arm@0.28.1 OK for: esbuild@0.28.1 want: 0.28.1
224 silly placeDep ROOT @esbuild/android-arm64@0.28.1 OK for: esbuild@0.28.1 want: 0.28.1
225 silly placeDep ROOT @esbuild/android-x64@0.28.1 OK for: esbuild@0.28.1 want: 0.28.1
226 silly placeDep ROOT @esbuild/darwin-arm64@0.28.1 OK for: esbuild@0.28.1 want: 0.28.1
227 silly placeDep ROOT @esbuild/darwin-x64@0.28.1 OK for: esbuild@0.28.1 want: 0.28.1
228 silly placeDep ROOT @esbuild/freebsd-arm64@0.28.1 OK for: esbuild@0.28.1 want: 0.28.1
229 silly placeDep ROOT @esbuild/freebsd-x64@0.28.1 OK for: esbuild@0.28.1 want: 0.28.1
230 silly placeDep ROOT @esbuild/linux-arm@0.28.1 OK for: esbuild@0.28.1 want: 0.28.1
231 silly placeDep ROOT @esbuild/linux-arm64@0.28.1 OK for: esbuild@0.28.1 want: 0.28.1
232 silly placeDep ROOT @esbuild/linux-ia32@0.28.1 OK for: esbuild@0.28.1 want: 0.28.1
233 silly placeDep ROOT @esbuild/linux-loong64@0.28.1 OK for: esbuild@0.28.1 want: 0.28.1
234 silly placeDep ROOT @esbuild/linux-mips64el@0.28.1 OK for: esbuild@0.28.1 want: 0.28.1
235 silly placeDep ROOT @esbuild/linux-ppc64@0.28.1 OK for: esbuild@0.28.1 want: 0.28.1
236 silly placeDep ROOT @esbuild/linux-riscv64@0.28.1 OK for: esbuild@0.28.1 want: 0.28.1
237 silly placeDep ROOT @esbuild/linux-s390x@0.28.1 OK for: esbuild@0.28.1 want: 0.28.1
238 silly placeDep ROOT @esbuild/linux-x64@0.28.1 OK for: esbuild@0.28.1 want: 0.28.1
239 silly placeDep ROOT @esbuild/netbsd-arm64@0.28.1 OK for: esbuild@0.28.1 want: 0.28.1
240 silly placeDep ROOT @esbuild/netbsd-x64@0.28.1 OK for: esbuild@0.28.1 want: 0.28.1
241 silly placeDep ROOT @esbuild/openbsd-arm64@0.28.1 OK for: esbuild@0.28.1 want: 0.28.1
242 silly placeDep ROOT @esbuild/openbsd-x64@0.28.1 OK for: esbuild@0.28.1 want: 0.28.1
243 silly placeDep ROOT @esbuild/openharmony-arm64@0.28.1 OK for: esbuild@0.28.1 want: 0.28.1
244 silly placeDep ROOT @esbuild/sunos-x64@0.28.1 OK for: esbuild@0.28.1 want: 0.28.1
245 silly placeDep ROOT @esbuild/win32-arm64@0.28.1 OK for: esbuild@0.28.1 want: 0.28.1
246 silly placeDep ROOT @esbuild/win32-ia32@0.28.1 OK for: esbuild@0.28.1 want: 0.28.1
247 silly placeDep ROOT @esbuild/win32-x64@0.28.1 OK for: esbuild@0.28.1 want: 0.28.1
248 silly fetch manifest bufferutil@^4.0.1
249 silly packumentCache full:https://registry.npmjs.org/bufferutil cache-miss
250 http fetch GET 200 https://registry.npmjs.org/bufferutil 379ms (cache miss)
251 silly packumentCache full:https://registry.npmjs.org/bufferutil set size:undefined disposed:false
252 silly fetch manifest utf-8-validate@>=5.0.2
253 silly packumentCache full:https://registry.npmjs.org/utf-8-validate cache-miss
254 http fetch GET 200 https://registry.npmjs.org/utf-8-validate 110ms (cache miss)
255 silly packumentCache full:https://registry.npmjs.org/utf-8-validate set size:undefined disposed:false
256 silly placeDep ROOT @cspotcode/source-map-support@0.8.1 OK for: miniflare@4.20260722.0 want: 0.8.1
257 silly placeDep ROOT sharp@0.35.2 OK for: miniflare@4.20260722.0 want: 0.35.2
258 silly placeDep ROOT undici@7.28.0 OK for: miniflare@4.20260722.0 want: 7.28.0
259 silly placeDep ROOT ws@8.21.0 OK for: miniflare@4.20260722.0 want: 8.21.0
260 silly placeDep ROOT youch@4.1.0-beta.10 OK for: miniflare@4.20260722.0 want: 4.1.0-beta.10
261 silly fetch manifest @jridgewell/trace-mapping@0.3.9
262 silly packumentCache full:https://registry.npmjs.org/@jridgewell%2ftrace-mapping cache-miss
263 silly fetch manifest semver@^7.8.4
264 silly packumentCache full:https://registry.npmjs.org/semver cache-miss
265 silly fetch manifest @img/colour@^1.1.0
266 silly packumentCache full:https://registry.npmjs.org/@img%2fcolour cache-miss
267 silly fetch manifest detect-libc@^2.1.2
268 silly packumentCache full:https://registry.npmjs.org/detect-libc cache-miss
269 silly fetch manifest @img/sharp-linux-arm@0.35.2
270 silly packumentCache full:https://registry.npmjs.org/@img%2fsharp-linux-arm cache-miss
271 silly fetch manifest @img/sharp-linux-x64@0.35.2
272 silly packumentCache full:https://registry.npmjs.org/@img%2fsharp-linux-x64 cache-miss
273 silly fetch manifest @img/sharp-win32-x64@0.35.2
274 silly packumentCache full:https://registry.npmjs.org/@img%2fsharp-win32-x64 cache-miss
275 http fetch GET 200 https://registry.npmjs.org/@img%2fcolour 70ms (cache miss)
276 silly packumentCache full:https://registry.npmjs.org/@img%2fcolour set size:undefined disposed:false
277 silly fetch manifest @img/sharp-darwin-x64@0.35.2
278 silly packumentCache full:https://registry.npmjs.org/@img%2fsharp-darwin-x64 cache-miss
279 http fetch GET 200 https://registry.npmjs.org/detect-libc 71ms (cache miss)
280 silly packumentCache full:https://registry.npmjs.org/detect-libc set size:undefined disposed:false
281 silly fetch manifest @img/sharp-win32-ia32@0.35.2
282 silly packumentCache full:https://registry.npmjs.org/@img%2fsharp-win32-ia32 cache-miss
283 http fetch GET 200 https://registry.npmjs.org/@img%2fsharp-linux-arm 75ms (cache miss)
284 silly packumentCache full:https://registry.npmjs.org/@img%2fsharp-linux-arm set size:undefined disposed:false
285 silly fetch manifest @img/sharp-linux-arm64@0.35.2
286 silly packumentCache full:https://registry.npmjs.org/@img%2fsharp-linux-arm64 cache-miss
287 http fetch GET 200 https://registry.npmjs.org/semver 82ms (cache miss)
288 silly packumentCache full:https://registry.npmjs.org/semver set size:undefined disposed:false
289 silly fetch manifest @img/sharp-linux-ppc64@0.35.2
290 silly packumentCache full:https://registry.npmjs.org/@img%2fsharp-linux-ppc64 cache-miss
291 http fetch GET 200 https://registry.npmjs.org/@img%2fsharp-win32-x64 86ms (cache miss)
292 silly packumentCache full:https://registry.npmjs.org/@img%2fsharp-win32-x64 set size:undefined disposed:false
293 silly fetch manifest @img/sharp-linux-s390x@0.35.2
294 silly packumentCache full:https://registry.npmjs.org/@img%2fsharp-linux-s390x cache-miss
295 http fetch GET 200 https://registry.npmjs.org/@jridgewell%2ftrace-mapping 93ms (cache miss)
296 silly packumentCache full:https://registry.npmjs.org/@jridgewell%2ftrace-mapping set size:undefined disposed:false
297 silly fetch manifest @img/sharp-win32-arm64@0.35.2
298 silly packumentCache full:https://registry.npmjs.org/@img%2fsharp-win32-arm64 cache-miss
299 http fetch GET 200 https://registry.npmjs.org/@img%2fsharp-linux-x64 101ms (cache miss)
300 silly packumentCache full:https://registry.npmjs.org/@img%2fsharp-linux-x64 set size:undefined disposed:false
301 silly fetch manifest @img/sharp-darwin-arm64@0.35.2
302 silly packumentCache full:https://registry.npmjs.org/@img%2fsharp-darwin-arm64 cache-miss
303 http fetch GET 200 https://registry.npmjs.org/@img%2fsharp-darwin-x64 66ms (cache miss)
304 silly packumentCache full:https://registry.npmjs.org/@img%2fsharp-darwin-x64 set size:undefined disposed:false
305 silly fetch manifest @img/sharp-linux-riscv64@0.35.2
306 silly packumentCache full:https://registry.npmjs.org/@img%2fsharp-linux-riscv64 cache-miss
307 http fetch GET 200 https://registry.npmjs.org/@img%2fsharp-win32-ia32 67ms (cache miss)
308 silly packumentCache full:https://registry.npmjs.org/@img%2fsharp-win32-ia32 set size:undefined disposed:false
309 silly fetch manifest @img/sharp-linuxmusl-x64@0.35.2
310 silly packumentCache full:https://registry.npmjs.org/@img%2fsharp-linuxmusl-x64 cache-miss
311 http fetch GET 200 https://registry.npmjs.org/@img%2fsharp-linux-arm64 66ms (cache miss)
312 silly packumentCache full:https://registry.npmjs.org/@img%2fsharp-linux-arm64 set size:undefined disposed:false
313 silly fetch manifest @img/sharp-freebsd-wasm32@0.35.2
314 silly packumentCache full:https://registry.npmjs.org/@img%2fsharp-freebsd-wasm32 cache-miss
315 http fetch GET 200 https://registry.npmjs.org/@img%2fsharp-linux-ppc64 60ms (cache miss)
316 silly packumentCache full:https://registry.npmjs.org/@img%2fsharp-linux-ppc64 set size:undefined disposed:false
317 silly fetch manifest @img/sharp-linuxmusl-arm64@0.35.2
318 silly packumentCache full:https://registry.npmjs.org/@img%2fsharp-linuxmusl-arm64 cache-miss
319 http fetch GET 200 https://registry.npmjs.org/@img%2fsharp-win32-arm64 72ms (cache miss)
320 silly packumentCache full:https://registry.npmjs.org/@img%2fsharp-win32-arm64 set size:undefined disposed:false
321 silly fetch manifest @img/sharp-libvips-linux-arm@1.3.1
322 silly packumentCache full:https://registry.npmjs.org/@img%2fsharp-libvips-linux-arm cache-miss
323 http fetch GET 200 https://registry.npmjs.org/@img%2fsharp-linux-s390x 82ms (cache miss)
324 silly packumentCache full:https://registry.npmjs.org/@img%2fsharp-linux-s390x set size:undefined disposed:false
325 silly fetch manifest @img/sharp-libvips-linux-x64@1.3.1
326 silly packumentCache full:https://registry.npmjs.org/@img%2fsharp-libvips-linux-x64 cache-miss
327 http fetch GET 200 https://registry.npmjs.org/@img%2fsharp-darwin-arm64 72ms (cache miss)
328 silly packumentCache full:https://registry.npmjs.org/@img%2fsharp-darwin-arm64 set size:undefined disposed:false
329 silly fetch manifest @img/sharp-libvips-darwin-x64@1.3.1
330 silly packumentCache full:https://registry.npmjs.org/@img%2fsharp-libvips-darwin-x64 cache-miss
331 http fetch GET 200 https://registry.npmjs.org/@img%2fsharp-freebsd-wasm32 58ms (cache miss)
332 silly packumentCache full:https://registry.npmjs.org/@img%2fsharp-freebsd-wasm32 set size:undefined disposed:false
333 silly fetch manifest @img/sharp-libvips-linux-arm64@1.3.1
334 silly packumentCache full:https://registry.npmjs.org/@img%2fsharp-libvips-linux-arm64 cache-miss
335 http fetch GET 200 https://registry.npmjs.org/@img%2fsharp-linux-riscv64 65ms (cache miss)
336 silly packumentCache full:https://registry.npmjs.org/@img%2fsharp-linux-riscv64 set size:undefined disposed:false
337 silly fetch manifest @img/sharp-libvips-linux-ppc64@1.3.1
338 silly packumentCache full:https://registry.npmjs.org/@img%2fsharp-libvips-linux-ppc64 cache-miss
339 http fetch GET 200 https://registry.npmjs.org/@img%2fsharp-linuxmusl-arm64 61ms (cache miss)
340 silly packumentCache full:https://registry.npmjs.org/@img%2fsharp-linuxmusl-arm64 set size:undefined disposed:false
341 silly fetch manifest @img/sharp-libvips-linux-s390x@1.3.1
342 silly packumentCache full:https://registry.npmjs.org/@img%2fsharp-libvips-linux-s390x cache-miss
343 http fetch GET 200 https://registry.npmjs.org/@img%2fsharp-linuxmusl-x64 66ms (cache miss)
344 silly packumentCache full:https://registry.npmjs.org/@img%2fsharp-linuxmusl-x64 set size:undefined disposed:false
345 silly fetch manifest @img/sharp-libvips-darwin-arm64@1.3.1
346 silly packumentCache full:https://registry.npmjs.org/@img%2fsharp-libvips-darwin-arm64 cache-miss
347 http fetch GET 200 https://registry.npmjs.org/@img%2fsharp-libvips-darwin-x64 63ms (cache miss)
348 silly packumentCache full:https://registry.npmjs.org/@img%2fsharp-libvips-darwin-x64 set size:undefined disposed:false
349 silly fetch manifest @img/sharp-webcontainers-wasm32@0.35.2
350 silly packumentCache full:https://registry.npmjs.org/@img%2fsharp-webcontainers-wasm32 cache-miss
351 http fetch GET 200 https://registry.npmjs.org/@img%2fsharp-libvips-linux-arm 75ms (cache miss)
352 silly packumentCache full:https://registry.npmjs.org/@img%2fsharp-libvips-linux-arm set size:undefined disposed:false
353 silly fetch manifest @img/sharp-libvips-linux-riscv64@1.3.1
354 silly packumentCache full:https://registry.npmjs.org/@img%2fsharp-libvips-linux-riscv64 cache-miss
355 http fetch GET 200 https://registry.npmjs.org/@img%2fsharp-libvips-linux-arm64 81ms (cache miss)
356 silly packumentCache full:https://registry.npmjs.org/@img%2fsharp-libvips-linux-arm64 set size:undefined disposed:false
357 silly fetch manifest @img/sharp-libvips-linuxmusl-x64@1.3.1
358 silly packumentCache full:https://registry.npmjs.org/@img%2fsharp-libvips-linuxmusl-x64 cache-miss
359 http fetch GET 200 https://registry.npmjs.org/@img%2fsharp-libvips-linux-s390x 77ms (cache miss)
360 silly packumentCache full:https://registry.npmjs.org/@img%2fsharp-libvips-linux-s390x set size:undefined disposed:false
361 silly fetch manifest @img/sharp-libvips-linuxmusl-arm64@1.3.1
362 silly packumentCache full:https://registry.npmjs.org/@img%2fsharp-libvips-linuxmusl-arm64 cache-miss
363 http fetch GET 200 https://registry.npmjs.org/@img%2fsharp-libvips-linux-ppc64 83ms (cache miss)
364 silly packumentCache full:https://registry.npmjs.org/@img%2fsharp-libvips-linux-ppc64 set size:undefined disposed:false
365 silly fetch manifest cookie@^1.0.2
366 silly packumentCache full:https://registry.npmjs.org/cookie cache-miss
367 http fetch GET 200 https://registry.npmjs.org/@img%2fsharp-libvips-darwin-arm64 81ms (cache miss)
368 silly packumentCache full:https://registry.npmjs.org/@img%2fsharp-libvips-darwin-arm64 set size:undefined disposed:false
369 silly fetch manifest youch-core@^0.3.3
370 silly packumentCache full:https://registry.npmjs.org/youch-core cache-miss
371 http fetch GET 200 https://registry.npmjs.org/@img%2fsharp-libvips-linux-riscv64 82ms (cache miss)
372 silly packumentCache full:https://registry.npmjs.org/@img%2fsharp-libvips-linux-riscv64 set size:undefined disposed:false
373 silly fetch manifest @poppinss/colors@^4.1.5
374 silly packumentCache full:https://registry.npmjs.org/@poppinss%2fcolors cache-miss
375 http fetch GET 200 https://registry.npmjs.org/@img%2fsharp-webcontainers-wasm32 91ms (cache miss)
376 silly packumentCache full:https://registry.npmjs.org/@img%2fsharp-webcontainers-wasm32 set size:undefined disposed:false
377 silly fetch manifest @poppinss/dumper@^0.6.4
378 silly packumentCache full:https://registry.npmjs.org/@poppinss%2fdumper cache-miss
379 http fetch GET 200 https://registry.npmjs.org/youch-core 76ms (cache miss)
380 silly packumentCache full:https://registry.npmjs.org/youch-core set size:undefined disposed:false
381 silly fetch manifest @speed-highlight/core@^1.2.7
382 silly packumentCache full:https://registry.npmjs.org/@speed-highlight%2fcore cache-miss
383 http fetch GET 200 https://registry.npmjs.org/@img%2fsharp-libvips-linuxmusl-arm64 89ms (cache miss)
384 silly packumentCache full:https://registry.npmjs.org/@img%2fsharp-libvips-linuxmusl-arm64 set size:undefined disposed:false
385 http fetch GET 200 https://registry.npmjs.org/@img%2fsharp-libvips-linux-x64 204ms (cache miss)
386 silly packumentCache full:https://registry.npmjs.org/@img%2fsharp-libvips-linux-x64 set size:undefined disposed:false
387 http fetch GET 200 https://registry.npmjs.org/@img%2fsharp-libvips-linuxmusl-x64 95ms (cache miss)
388 silly packumentCache full:https://registry.npmjs.org/@img%2fsharp-libvips-linuxmusl-x64 set size:undefined disposed:false
389 http fetch GET 200 https://registry.npmjs.org/cookie 94ms (cache miss)
390 silly packumentCache full:https://registry.npmjs.org/cookie set size:undefined disposed:false
391 http fetch GET 200 https://registry.npmjs.org/@poppinss%2fdumper 84ms (cache miss)
392 silly packumentCache full:https://registry.npmjs.org/@poppinss%2fdumper set size:undefined disposed:false
393 http fetch GET 200 https://registry.npmjs.org/@poppinss%2fcolors 92ms (cache miss)
394 silly packumentCache full:https://registry.npmjs.org/@poppinss%2fcolors set size:undefined disposed:false
395 http fetch GET 200 https://registry.npmjs.org/@speed-highlight%2fcore 177ms (cache miss)
396 silly packumentCache full:https://registry.npmjs.org/@speed-highlight%2fcore set size:undefined disposed:false
397 silly placeDep ROOT @jridgewell/trace-mapping@0.3.9 OK for: @cspotcode/source-map-support@0.8.1 want: 0.3.9
398 silly fetch manifest @jridgewell/resolve-uri@^3.0.3
399 silly packumentCache full:https://registry.npmjs.org/@jridgewell%2fresolve-uri cache-miss
400 silly fetch manifest @jridgewell/sourcemap-codec@^1.4.10
401 silly packumentCache full:https://registry.npmjs.org/@jridgewell%2fsourcemap-codec cache-miss
402 http fetch GET 200 https://registry.npmjs.org/@jridgewell%2fresolve-uri 52ms (cache miss)
403 silly packumentCache full:https://registry.npmjs.org/@jridgewell%2fresolve-uri set size:undefined disposed:false
404 http fetch GET 200 https://registry.npmjs.org/@jridgewell%2fsourcemap-codec 53ms (cache miss)
405 silly packumentCache full:https://registry.npmjs.org/@jridgewell%2fsourcemap-codec set size:undefined disposed:false
406 silly placeDep ROOT @jridgewell/resolve-uri@3.1.2 OK for: @jridgewell/trace-mapping@0.3.9 want: ^3.0.3
407 silly placeDep ROOT @jridgewell/sourcemap-codec@1.5.5 OK for: @jridgewell/trace-mapping@0.3.9 want: ^1.4.10
408 silly placeDep ROOT @img/colour@1.1.0 OK for: sharp@0.35.2 want: ^1.1.0
409 silly placeDep ROOT @img/sharp-darwin-arm64@0.35.2 OK for: sharp@0.35.2 want: 0.35.2
410 silly placeDep ROOT @img/sharp-darwin-x64@0.35.2 OK for: sharp@0.35.2 want: 0.35.2
411 silly placeDep ROOT @img/sharp-freebsd-wasm32@0.35.2 OK for: sharp@0.35.2 want: 0.35.2
412 silly placeDep ROOT @img/sharp-libvips-darwin-arm64@1.3.1 OK for: sharp@0.35.2 want: 1.3.1
413 silly placeDep ROOT @img/sharp-libvips-darwin-x64@1.3.1 OK for: sharp@0.35.2 want: 1.3.1
414 silly placeDep ROOT @img/sharp-libvips-linux-arm@1.3.1 OK for: sharp@0.35.2 want: 1.3.1
415 silly placeDep ROOT @img/sharp-libvips-linux-arm64@1.3.1 OK for: sharp@0.35.2 want: 1.3.1
416 silly placeDep ROOT @img/sharp-libvips-linux-ppc64@1.3.1 OK for: sharp@0.35.2 want: 1.3.1
417 silly placeDep ROOT @img/sharp-libvips-linux-riscv64@1.3.1 OK for: sharp@0.35.2 want: 1.3.1
418 silly placeDep ROOT @img/sharp-libvips-linux-s390x@1.3.1 OK for: sharp@0.35.2 want: 1.3.1
419 silly placeDep ROOT @img/sharp-libvips-linux-x64@1.3.1 OK for: sharp@0.35.2 want: 1.3.1
420 silly placeDep ROOT @img/sharp-libvips-linuxmusl-arm64@1.3.1 OK for: sharp@0.35.2 want: 1.3.1
421 silly placeDep ROOT @img/sharp-libvips-linuxmusl-x64@1.3.1 OK for: sharp@0.35.2 want: 1.3.1
422 silly placeDep ROOT @img/sharp-linux-arm@0.35.2 OK for: sharp@0.35.2 want: 0.35.2
423 silly placeDep ROOT @img/sharp-linux-arm64@0.35.2 OK for: sharp@0.35.2 want: 0.35.2
424 silly placeDep ROOT @img/sharp-linux-ppc64@0.35.2 OK for: sharp@0.35.2 want: 0.35.2
425 silly placeDep ROOT @img/sharp-linux-riscv64@0.35.2 OK for: sharp@0.35.2 want: 0.35.2
426 silly placeDep ROOT @img/sharp-linux-s390x@0.35.2 OK for: sharp@0.35.2 want: 0.35.2
427 silly placeDep ROOT @img/sharp-linux-x64@0.35.2 OK for: sharp@0.35.2 want: 0.35.2
428 silly placeDep ROOT @img/sharp-linuxmusl-arm64@0.35.2 OK for: sharp@0.35.2 want: 0.35.2
429 silly placeDep ROOT @img/sharp-linuxmusl-x64@0.35.2 OK for: sharp@0.35.2 want: 0.35.2
430 silly placeDep ROOT @img/sharp-webcontainers-wasm32@0.35.2 OK for: sharp@0.35.2 want: 0.35.2
431 silly placeDep ROOT @img/sharp-win32-arm64@0.35.2 OK for: sharp@0.35.2 want: 0.35.2
432 silly placeDep ROOT @img/sharp-win32-ia32@0.35.2 OK for: sharp@0.35.2 want: 0.35.2
433 silly placeDep ROOT @img/sharp-win32-x64@0.35.2 OK for: sharp@0.35.2 want: 0.35.2
434 silly placeDep ROOT detect-libc@2.1.2 OK for: sharp@0.35.2 want: ^2.1.2
435 silly placeDep ROOT semver@7.8.5 OK for: sharp@0.35.2 want: ^7.8.4
436 silly fetch manifest @img/sharp-wasm32@0.35.2
437 silly packumentCache full:https://registry.npmjs.org/@img%2fsharp-wasm32 cache-miss
438 silly fetch manifest @img/sharp-wasm32@0.35.2
439 silly packumentCache full:https://registry.npmjs.org/@img%2fsharp-wasm32 cache-miss
440 http fetch GET 200 https://registry.npmjs.org/@img%2fsharp-wasm32 63ms (cache miss)
441 silly packumentCache full:https://registry.npmjs.org/@img%2fsharp-wasm32 set size:undefined disposed:false
442 http fetch GET 200 https://registry.npmjs.org/@img%2fsharp-wasm32 67ms (cache miss)
443 silly packumentCache full:https://registry.npmjs.org/@img%2fsharp-wasm32 set size:undefined disposed:false
444 silly placeDep ROOT @img/sharp-wasm32@0.35.2 OK for: @img/sharp-freebsd-wasm32@0.35.2 want: 0.35.2
445 silly fetch manifest @emnapi/runtime@^1.11.1
446 silly packumentCache full:https://registry.npmjs.org/@emnapi%2fruntime cache-miss
447 http fetch GET 200 https://registry.npmjs.org/@emnapi%2fruntime 49ms (cache miss)
448 silly packumentCache full:https://registry.npmjs.org/@emnapi%2fruntime set size:undefined disposed:false
449 silly placeDep ROOT @emnapi/runtime@1.11.2 OK for: @img/sharp-wasm32@0.35.2 want: ^1.11.1
450 silly fetch manifest tslib@^2.4.0
451 silly packumentCache full:https://registry.npmjs.org/tslib cache-miss
452 http fetch GET 200 https://registry.npmjs.org/tslib 45ms (cache miss)
453 silly packumentCache full:https://registry.npmjs.org/tslib set size:undefined disposed:false
454 silly placeDep ROOT tslib@2.8.1 OK for: @emnapi/runtime@1.11.2 want: ^2.4.0
455 silly placeDep ROOT pathe@2.0.3 OK for: unenv@2.0.0-rc.24 want: ^2.0.3
456 silly placeDep ROOT @cloudflare/workerd-darwin-64@1.20260722.1 OK for: workerd@1.20260722.1 want: 1.20260722.1
457 silly placeDep ROOT @cloudflare/workerd-darwin-arm64@1.20260722.1 OK for: workerd@1.20260722.1 want: 1.20260722.1
458 silly placeDep ROOT @cloudflare/workerd-linux-64@1.20260722.1 OK for: workerd@1.20260722.1 want: 1.20260722.1
459 silly placeDep ROOT @cloudflare/workerd-linux-arm64@1.20260722.1 OK for: workerd@1.20260722.1 want: 1.20260722.1
460 silly placeDep ROOT @cloudflare/workerd-windows-64@1.20260722.1 OK for: workerd@1.20260722.1 want: 1.20260722.1
461 silly placeDep ROOT @poppinss/colors@4.1.6 OK for: youch@4.1.0-beta.10 want: ^4.1.5
462 silly placeDep ROOT @poppinss/dumper@0.6.5 OK for: youch@4.1.0-beta.10 want: ^0.6.4
463 silly placeDep ROOT @speed-highlight/core@1.2.17 OK for: youch@4.1.0-beta.10 want: ^1.2.7
464 silly placeDep ROOT cookie@1.1.1 OK for: youch@4.1.0-beta.10 want: ^1.0.2
465 silly placeDep ROOT youch-core@0.3.3 OK for: youch@4.1.0-beta.10 want: ^0.3.3
466 silly fetch manifest kleur@^4.1.5
467 silly packumentCache full:https://registry.npmjs.org/kleur cache-miss
468 silly fetch manifest supports-color@^10.0.0
469 silly packumentCache full:https://registry.npmjs.org/supports-color cache-miss
470 silly fetch manifest @sindresorhus/is@^7.0.2
471 silly packumentCache full:https://registry.npmjs.org/@sindresorhus%2fis cache-miss
472 silly fetch manifest @poppinss/exception@^1.2.2
473 silly packumentCache full:https://registry.npmjs.org/@poppinss%2fexception cache-miss
474 silly fetch manifest error-stack-parser-es@^1.0.5
475 silly packumentCache full:https://registry.npmjs.org/error-stack-parser-es cache-miss
476 http fetch GET 200 https://registry.npmjs.org/error-stack-parser-es 39ms (cache miss)
477 silly packumentCache full:https://registry.npmjs.org/error-stack-parser-es set size:undefined disposed:false
478 http fetch GET 200 https://registry.npmjs.org/supports-color 43ms (cache miss)
479 silly packumentCache full:https://registry.npmjs.org/supports-color set size:undefined disposed:false
480 http fetch GET 200 https://registry.npmjs.org/kleur 44ms (cache miss)
481 silly packumentCache full:https://registry.npmjs.org/kleur set size:undefined disposed:false
482 http fetch GET 200 https://registry.npmjs.org/@poppinss%2fexception 67ms (cache miss)
483 silly packumentCache full:https://registry.npmjs.org/@poppinss%2fexception set size:undefined disposed:false
484 http fetch GET 200 https://registry.npmjs.org/@sindresorhus%2fis 69ms (cache miss)
485 silly packumentCache full:https://registry.npmjs.org/@sindresorhus%2fis set size:undefined disposed:false
486 silly placeDep ROOT kleur@4.1.5 OK for: @poppinss/colors@4.1.6 want: ^4.1.5
487 silly placeDep ROOT @sindresorhus/is@7.2.0 OK for: @poppinss/dumper@0.6.5 want: ^7.0.2
488 silly placeDep ROOT supports-color@10.2.2 OK for: @poppinss/dumper@0.6.5 want: ^10.0.0
489 silly placeDep ROOT @poppinss/exception@1.2.3 OK for: youch-core@0.3.3 want: ^1.2.2
490 silly placeDep ROOT error-stack-parser-es@1.0.5 OK for: youch-core@0.3.3 want: ^1.0.5
491 silly reify moves {}
492 silly audit bulk request {
492 silly audit   wrangler: [ '4.114.0' ],
492 silly audit   '@cloudflare/kv-asset-handler': [ '0.5.0' ],
492 silly audit   '@cloudflare/unenv-preset': [ '2.16.1' ],
492 silly audit   unenv: [ '2.0.0-rc.24' ],
492 silly audit   'blake3-wasm': [ '2.1.5' ],
492 silly audit   esbuild: [ '0.28.1' ],
492 silly audit   fsevents: [ '2.3.3' ],
492 silly audit   miniflare: [ '4.20260722.0' ],
492 silly audit   'path-to-regexp': [ '6.3.0' ],
492 silly audit   workerd: [ '1.20260722.1' ],
492 silly audit   '@esbuild/aix-ppc64': [ '0.28.1' ],
492 silly audit   '@esbuild/android-arm': [ '0.28.1' ],
492 silly audit   '@esbuild/android-arm64': [ '0.28.1' ],
492 silly audit   '@esbuild/android-x64': [ '0.28.1' ],
492 silly audit   '@esbuild/darwin-arm64': [ '0.28.1' ],
492 silly audit   '@esbuild/darwin-x64': [ '0.28.1' ],
492 silly audit   '@esbuild/freebsd-arm64': [ '0.28.1' ],
492 silly audit   '@esbuild/freebsd-x64': [ '0.28.1' ],
492 silly audit   '@esbuild/linux-arm': [ '0.28.1' ],
492 silly audit   '@esbuild/linux-arm64': [ '0.28.1' ],
492 silly audit   '@esbuild/linux-ia32': [ '0.28.1' ],
492 silly audit   '@esbuild/linux-loong64': [ '0.28.1' ],
492 silly audit   '@esbuild/linux-mips64el': [ '0.28.1' ],
492 silly audit   '@esbuild/linux-ppc64': [ '0.28.1' ],
492 silly audit   '@esbuild/linux-riscv64': [ '0.28.1' ],
492 silly audit   '@esbuild/linux-s390x': [ '0.28.1' ],
492 silly audit   '@esbuild/linux-x64': [ '0.28.1' ],
492 silly audit   '@esbuild/netbsd-arm64': [ '0.28.1' ],
492 silly audit   '@esbuild/netbsd-x64': [ '0.28.1' ],
492 silly audit   '@esbuild/openbsd-arm64': [ '0.28.1' ],
492 silly audit   '@esbuild/openbsd-x64': [ '0.28.1' ],
492 silly audit   '@esbuild/openharmony-arm64': [ '0.28.1' ],
492 silly audit   '@esbuild/sunos-x64': [ '0.28.1' ],
492 silly audit   '@esbuild/win32-arm64': [ '0.28.1' ],
492 silly audit   '@esbuild/win32-ia32': [ '0.28.1' ],
492 silly audit   '@esbuild/win32-x64': [ '0.28.1' ],
492 silly audit   '@cspotcode/source-map-support': [ '0.8.1' ],
492 silly audit   sharp: [ '0.35.2' ],
492 silly audit   undici: [ '7.28.0' ],
492 silly audit   ws: [ '8.21.0' ],
492 silly audit   youch: [ '4.1.0-beta.10' ],
492 silly audit   '@jridgewell/trace-mapping': [ '0.3.9' ],
492 silly audit   '@jridgewell/resolve-uri': [ '3.1.2' ],
492 silly audit   '@jridgewell/sourcemap-codec': [ '1.5.5' ],
492 silly audit   '@img/colour': [ '1.1.0' ],
492 silly audit   '@img/sharp-darwin-arm64': [ '0.35.2' ],
492 silly audit   '@img/sharp-darwin-x64': [ '0.35.2' ],
492 silly audit   '@img/sharp-freebsd-wasm32': [ '0.35.2' ],
492 silly audit   '@img/sharp-libvips-darwin-arm64': [ '1.3.1' ],
492 silly audit   '@img/sharp-libvips-darwin-x64': [ '1.3.1' ],
492 silly audit   '@img/sharp-libvips-linux-arm': [ '1.3.1' ],
492 silly audit   '@img/sharp-libvips-linux-arm64': [ '1.3.1' ],
492 silly audit   '@img/sharp-libvips-linux-ppc64': [ '1.3.1' ],
492 silly audit   '@img/sharp-libvips-linux-riscv64': [ '1.3.1' ],
492 silly audit   '@img/sharp-libvips-linux-s390x': [ '1.3.1' ],
492 silly audit   '@img/sharp-libvips-linux-x64': [ '1.3.1' ],
492 silly audit   '@img/sharp-libvips-linuxmusl-arm64': [ '1.3.1' ],
492 silly audit   '@img/sharp-libvips-linuxmusl-x64': [ '1.3.1' ],
492 silly audit   '@img/sharp-linux-arm': [ '0.35.2' ],
492 silly audit   '@img/sharp-linux-arm64': [ '0.35.2' ],
492 silly audit   '@img/sharp-linux-ppc64': [ '0.35.2' ],
492 silly audit   '@img/sharp-linux-riscv64': [ '0.35.2' ],
492 silly audit   '@img/sharp-linux-s390x': [ '0.35.2' ],
492 silly audit   '@img/sharp-linux-x64': [ '0.35.2' ],
492 silly audit   '@img/sharp-linuxmusl-arm64': [ '0.35.2' ],
492 silly audit   '@img/sharp-linuxmusl-x64': [ '0.35.2' ],
492 silly audit   '@img/sharp-webcontainers-wasm32': [ '0.35.2' ],
492 silly audit   '@img/sharp-win32-arm64': [ '0.35.2' ],
492 silly audit   '@img/sharp-win32-ia32': [ '0.35.2' ],
492 silly audit   '@img/sharp-win32-x64': [ '0.35.2' ],
492 silly audit   'detect-libc': [ '2.1.2' ],
492 silly audit   semver: [ '7.8.5' ],
492 silly audit   '@img/sharp-wasm32': [ '0.35.2' ],
492 silly audit   '@emnapi/runtime': [ '1.11.2' ],
492 silly audit   tslib: [ '2.8.1' ],
492 silly audit   pathe: [ '2.0.3' ],
492 silly audit   '@cloudflare/workerd-darwin-64': [ '1.20260722.1' ],
492 silly audit   '@cloudflare/workerd-darwin-arm64': [ '1.20260722.1' ],
492 silly audit   '@cloudflare/workerd-linux-64': [ '1.20260722.1' ],
492 silly audit   '@cloudflare/workerd-linux-arm64': [ '1.20260722.1' ],
492 silly audit   '@cloudflare/workerd-windows-64': [ '1.20260722.1' ],
492 silly audit   '@poppinss/colors': [ '4.1.6' ],
492 silly audit   '@poppinss/dumper': [ '0.6.5' ],
492 silly audit   '@speed-highlight/core': [ '1.2.17' ],
492 silly audit   cookie: [ '1.1.1' ],
492 silly audit   'youch-core': [ '0.3.3' ],
492 silly audit   kleur: [ '4.1.5' ],
492 silly audit   '@sindresorhus/is': [ '7.2.0' ],
492 silly audit   'supports-color': [ '10.2.2' ],
492 silly audit   '@poppinss/exception': [ '1.2.3' ],
492 silly audit   'error-stack-parser-es': [ '1.0.5' ]
492 silly audit }
493 http cache @poppinss/exception@https://registry.npmjs.org/@poppinss/exception/-/exception-1.2.3.tgz 1ms (cache hit)
494 http cache @sindresorhus/is@https://registry.npmjs.org/@sindresorhus/is/-/is-7.2.0.tgz 0ms (cache hit)
495 http cache supports-color@https://registry.npmjs.org/supports-color/-/supports-color-10.2.2.tgz 0ms (cache hit)
496 http cache error-stack-parser-es@https://registry.npmjs.org/error-stack-parser-es/-/error-stack-parser-es-1.0.5.tgz 0ms (cache hit)
497 http cache kleur@https://registry.npmjs.org/kleur/-/kleur-4.1.5.tgz 0ms (cache hit)
498 http cache @speed-highlight/core@https://registry.npmjs.org/@speed-highlight/core/-/core-1.2.17.tgz 0ms (cache hit)
499 http cache youch-core@https://registry.npmjs.org/youch-core/-/youch-core-0.3.3.tgz 0ms (cache hit)
500 http cache pathe@https://registry.npmjs.org/pathe/-/pathe-2.0.3.tgz 0ms (cache hit)
501 http cache tslib@https://registry.npmjs.org/tslib/-/tslib-2.8.1.tgz 0ms (cache hit)
502 http cache cookie@https://registry.npmjs.org/cookie/-/cookie-1.1.1.tgz 0ms (cache hit)
503 http cache @poppinss/colors@https://registry.npmjs.org/@poppinss/colors/-/colors-4.1.6.tgz 0ms (cache hit)
504 http cache @poppinss/dumper@https://registry.npmjs.org/@poppinss/dumper/-/dumper-0.6.5.tgz 0ms (cache hit)
505 http cache @emnapi/runtime@https://registry.npmjs.org/@emnapi/runtime/-/runtime-1.11.2.tgz 0ms (cache hit)
506 http cache @cloudflare/workerd-windows-64@https://registry.npmjs.org/@cloudflare/workerd-windows-64/-/workerd-windows-64-1.20260722.1.tgz 0ms (cache hit)
507 http cache semver@https://registry.npmjs.org/semver/-/semver-7.8.5.tgz 0ms (cache hit)
508 http cache @jridgewell/sourcemap-codec@https://registry.npmjs.org/@jridgewell/sourcemap-codec/-/sourcemap-codec-1.5.5.tgz 0ms (cache hit)
509 http cache detect-libc@https://registry.npmjs.org/detect-libc/-/detect-libc-2.1.2.tgz 0ms (cache hit)
510 http cache @img/sharp-wasm32@https://registry.npmjs.org/@img/sharp-wasm32/-/sharp-wasm32-0.35.2.tgz 0ms (cache hit)
511 http cache @jridgewell/resolve-uri@https://registry.npmjs.org/@jridgewell/resolve-uri/-/resolve-uri-3.1.2.tgz 0ms (cache hit)
512 http cache @jridgewell/trace-mapping@https://registry.npmjs.org/@jridgewell/trace-mapping/-/trace-mapping-0.3.9.tgz 0ms (cache hit)
513 http cache ws@https://registry.npmjs.org/ws/-/ws-8.21.0.tgz 0ms (cache hit)
514 http cache youch@https://registry.npmjs.org/youch/-/youch-4.1.0-beta.10.tgz 0ms (cache hit)
515 http cache @esbuild/win32-x64@https://registry.npmjs.org/@esbuild/win32-x64/-/win32-x64-0.28.1.tgz 0ms (cache hit)
516 http cache @img/sharp-win32-x64@https://registry.npmjs.org/@img/sharp-win32-x64/-/sharp-win32-x64-0.35.2.tgz 0ms (cache hit)
517 http cache undici@https://registry.npmjs.org/undici/-/undici-7.28.0.tgz 0ms (cache hit)
518 http cache @cspotcode/source-map-support@https://registry.npmjs.org/@cspotcode/source-map-support/-/source-map-support-0.8.1.tgz 0ms (cache hit)
519 http cache sharp@https://registry.npmjs.org/sharp/-/sharp-0.35.2.tgz 0ms (cache hit)
520 http cache workerd@https://registry.npmjs.org/workerd/-/workerd-1.20260722.1.tgz 0ms (cache hit)
521 http cache blake3-wasm@https://registry.npmjs.org/blake3-wasm/-/blake3-wasm-2.1.5.tgz 0ms (cache hit)
522 http cache @cloudflare/unenv-preset@https://registry.npmjs.org/@cloudflare/unenv-preset/-/unenv-preset-2.16.1.tgz 0ms (cache hit)
523 http cache miniflare@https://registry.npmjs.org/miniflare/-/miniflare-4.20260722.0.tgz 0ms (cache hit)
524 http cache path-to-regexp@https://registry.npmjs.org/path-to-regexp/-/path-to-regexp-6.3.0.tgz 0ms (cache hit)
525 http cache unenv@https://registry.npmjs.org/unenv/-/unenv-2.0.0-rc.24.tgz 0ms (cache hit)
526 http cache @img/colour@https://registry.npmjs.org/@img/colour/-/colour-1.1.0.tgz 0ms (cache hit)
527 http cache @cloudflare/kv-asset-handler@https://registry.npmjs.org/@cloudflare/kv-asset-handler/-/kv-asset-handler-0.5.0.tgz 0ms (cache hit)
528 silly tarball no local data for @poppinss/exception@https://registry.npmjs.org/@poppinss/exception/-/exception-1.2.3.tgz. Extracting by manifest.
529 silly tarball no local data for @sindresorhus/is@https://registry.npmjs.org/@sindresorhus/is/-/is-7.2.0.tgz. Extracting by manifest.
530 silly tarball no local data for supports-color@https://registry.npmjs.org/supports-color/-/supports-color-10.2.2.tgz. Extracting by manifest.
531 silly tarball no local data for error-stack-parser-es@https://registry.npmjs.org/error-stack-parser-es/-/error-stack-parser-es-1.0.5.tgz. Extracting by manifest.
532 silly tarball no local data for kleur@https://registry.npmjs.org/kleur/-/kleur-4.1.5.tgz. Extracting by manifest.
533 silly tarball no local data for @speed-highlight/core@https://registry.npmjs.org/@speed-highlight/core/-/core-1.2.17.tgz. Extracting by manifest.
534 silly tarball no local data for youch-core@https://registry.npmjs.org/youch-core/-/youch-core-0.3.3.tgz. Extracting by manifest.
535 http cache esbuild@https://registry.npmjs.org/esbuild/-/esbuild-0.28.1.tgz 0ms (cache hit)
536 silly tarball no local data for pathe@https://registry.npmjs.org/pathe/-/pathe-2.0.3.tgz. Extracting by manifest.
537 http cache wrangler@https://registry.npmjs.org/wrangler/-/wrangler-4.114.0.tgz 0ms (cache hit)
538 silly tarball no local data for tslib@https://registry.npmjs.org/tslib/-/tslib-2.8.1.tgz. Extracting by manifest.
539 silly tarball no local data for cookie@https://registry.npmjs.org/cookie/-/cookie-1.1.1.tgz. Extracting by manifest.
540 silly tarball no local data for @poppinss/colors@https://registry.npmjs.org/@poppinss/colors/-/colors-4.1.6.tgz. Extracting by manifest.
541 silly tarball no local data for @poppinss/dumper@https://registry.npmjs.org/@poppinss/dumper/-/dumper-0.6.5.tgz. Extracting by manifest.
542 silly tarball no local data for @emnapi/runtime@https://registry.npmjs.org/@emnapi/runtime/-/runtime-1.11.2.tgz. Extracting by manifest.
543 silly tarball no local data for @cloudflare/workerd-windows-64@https://registry.npmjs.org/@cloudflare/workerd-windows-64/-/workerd-windows-64-1.20260722.1.tgz. Extracting by manifest.
544 silly tarball no local data for semver@https://registry.npmjs.org/semver/-/semver-7.8.5.tgz. Extracting by manifest.
545 silly tarball no local data for @jridgewell/sourcemap-codec@https://registry.npmjs.org/@jridgewell/sourcemap-codec/-/sourcemap-codec-1.5.5.tgz. Extracting by manifest.
546 silly tarball no local data for detect-libc@https://registry.npmjs.org/detect-libc/-/detect-libc-2.1.2.tgz. Extracting by manifest.
547 silly tarball no local data for @img/sharp-wasm32@https://registry.npmjs.org/@img/sharp-wasm32/-/sharp-wasm32-0.35.2.tgz. Extracting by manifest.
548 silly tarball no local data for @jridgewell/resolve-uri@https://registry.npmjs.org/@jridgewell/resolve-uri/-/resolve-uri-3.1.2.tgz. Extracting by manifest.
549 silly tarball no local data for @jridgewell/trace-mapping@https://registry.npmjs.org/@jridgewell/trace-mapping/-/trace-mapping-0.3.9.tgz. Extracting by manifest.
550 silly tarball no local data for ws@https://registry.npmjs.org/ws/-/ws-8.21.0.tgz. Extracting by manifest.
551 silly tarball no local data for youch@https://registry.npmjs.org/youch/-/youch-4.1.0-beta.10.tgz. Extracting by manifest.
552 silly tarball no local data for @esbuild/win32-x64@https://registry.npmjs.org/@esbuild/win32-x64/-/win32-x64-0.28.1.tgz. Extracting by manifest.
553 silly tarball no local data for @img/sharp-win32-x64@https://registry.npmjs.org/@img/sharp-win32-x64/-/sharp-win32-x64-0.35.2.tgz. Extracting by manifest.
554 silly tarball no local data for undici@https://registry.npmjs.org/undici/-/undici-7.28.0.tgz. Extracting by manifest.
555 silly tarball no local data for @cspotcode/source-map-support@https://registry.npmjs.org/@cspotcode/source-map-support/-/source-map-support-0.8.1.tgz. Extracting by manifest.
556 silly tarball no local data for sharp@https://registry.npmjs.org/sharp/-/sharp-0.35.2.tgz. Extracting by manifest.
557 silly tarball no local data for workerd@https://registry.npmjs.org/workerd/-/workerd-1.20260722.1.tgz. Extracting by manifest.
558 silly tarball no local data for blake3-wasm@https://registry.npmjs.org/blake3-wasm/-/blake3-wasm-2.1.5.tgz. Extracting by manifest.
559 silly tarball no local data for @cloudflare/unenv-preset@https://registry.npmjs.org/@cloudflare/unenv-preset/-/unenv-preset-2.16.1.tgz. Extracting by manifest.
560 silly tarball no local data for miniflare@https://registry.npmjs.org/miniflare/-/miniflare-4.20260722.0.tgz. Extracting by manifest.
561 silly tarball no local data for path-to-regexp@https://registry.npmjs.org/path-to-regexp/-/path-to-regexp-6.3.0.tgz. Extracting by manifest.
562 silly tarball no local data for unenv@https://registry.npmjs.org/unenv/-/unenv-2.0.0-rc.24.tgz. Extracting by manifest.
563 silly tarball no local data for @img/colour@https://registry.npmjs.org/@img/colour/-/colour-1.1.0.tgz. Extracting by manifest.
564 silly tarball no local data for @cloudflare/kv-asset-handler@https://registry.npmjs.org/@cloudflare/kv-asset-handler/-/kv-asset-handler-0.5.0.tgz. Extracting by manifest.
565 silly tarball no local data for esbuild@https://registry.npmjs.org/esbuild/-/esbuild-0.28.1.tgz. Extracting by manifest.
566 silly tarball no local data for wrangler@https://registry.npmjs.org/wrangler/-/wrangler-4.114.0.tgz. Extracting by manifest.
567 http fetch POST 200 https://registry.npmjs.org/-/npm/v1/security/advisories/bulk 294ms
568 silly audit report {}
569 http fetch GET 200 https://registry.npmjs.org/error-stack-parser-es/-/error-stack-parser-es-1.0.5.tgz 338ms (cache miss)
570 http fetch GET 200 https://registry.npmjs.org/supports-color/-/supports-color-10.2.2.tgz 342ms (cache miss)
571 http fetch GET 200 https://registry.npmjs.org/@poppinss/exception/-/exception-1.2.3.tgz 397ms (cache miss)
572 http fetch GET 200 https://registry.npmjs.org/kleur/-/kleur-4.1.5.tgz 405ms (cache miss)
573 http fetch GET 200 https://registry.npmjs.org/@jridgewell/resolve-uri/-/resolve-uri-3.1.2.tgz 1054ms (cache miss)
574 http fetch GET 200 https://registry.npmjs.org/detect-libc/-/detect-libc-2.1.2.tgz 1056ms (cache miss)
575 http fetch GET 200 https://registry.npmjs.org/@cloudflare/unenv-preset/-/unenv-preset-2.16.1.tgz 1331ms (cache miss)
576 http fetch GET 200 https://registry.npmjs.org/cookie/-/cookie-1.1.1.tgz 1534ms (cache miss)
577 http fetch GET 200 https://registry.npmjs.org/@sindresorhus/is/-/is-7.2.0.tgz 1558ms (cache miss)
578 http fetch GET 200 https://registry.npmjs.org/@cspotcode/source-map-support/-/source-map-support-0.8.1.tgz 1564ms (cache miss)
579 http fetch GET 200 https://registry.npmjs.org/@img/colour/-/colour-1.1.0.tgz 1569ms (cache miss)
580 http fetch GET 200 https://registry.npmjs.org/path-to-regexp/-/path-to-regexp-6.3.0.tgz 1574ms (cache miss)
581 http fetch GET 200 https://registry.npmjs.org/youch-core/-/youch-core-0.3.3.tgz 1615ms (cache miss)
582 http fetch GET 200 https://registry.npmjs.org/@cloudflare/kv-asset-handler/-/kv-asset-handler-0.5.0.tgz 1615ms (cache miss)
583 http fetch GET 200 https://registry.npmjs.org/@poppinss/colors/-/colors-4.1.6.tgz 1631ms (cache miss)
584 http fetch GET 200 https://registry.npmjs.org/esbuild/-/esbuild-0.28.1.tgz 1651ms (cache miss)
585 http fetch GET 200 https://registry.npmjs.org/tslib/-/tslib-2.8.1.tgz 1666ms (cache miss)
586 http fetch GET 200 https://registry.npmjs.org/pathe/-/pathe-2.0.3.tgz 2063ms (cache miss)
587 http fetch GET 200 https://registry.npmjs.org/ws/-/ws-8.21.0.tgz 2182ms (cache miss)
588 http fetch GET 200 https://registry.npmjs.org/@jridgewell/trace-mapping/-/trace-mapping-0.3.9.tgz 2302ms (cache miss)
589 http fetch GET 200 https://registry.npmjs.org/@jridgewell/sourcemap-codec/-/sourcemap-codec-1.5.5.tgz 3054ms (cache miss)
590 http fetch GET 200 https://registry.npmjs.org/@emnapi/runtime/-/runtime-1.11.2.tgz 3153ms (cache miss)
591 http fetch GET 200 https://registry.npmjs.org/@poppinss/dumper/-/dumper-0.6.5.tgz 3435ms (cache miss)
592 http fetch GET 200 https://registry.npmjs.org/semver/-/semver-7.8.5.tgz 3553ms (cache miss)
593 http fetch GET 200 https://registry.npmjs.org/workerd/-/workerd-1.20260722.1.tgz 3654ms (cache miss)
594 http fetch GET 200 https://registry.npmjs.org/youch/-/youch-4.1.0-beta.10.tgz 3707ms (cache miss)
595 http fetch GET 200 https://registry.npmjs.org/sharp/-/sharp-0.35.2.tgz 3857ms (cache miss)
596 http fetch GET 200 https://registry.npmjs.org/@img/sharp-wasm32/-/sharp-wasm32-0.35.2.tgz 4767ms (cache miss)
597 http fetch GET 200 https://registry.npmjs.org/@esbuild/win32-x64/-/win32-x64-0.28.1.tgz 5153ms (cache miss)
598 http fetch GET 200 https://registry.npmjs.org/@img/sharp-win32-x64/-/sharp-win32-x64-0.35.2.tgz 7169ms (cache miss)
599 http fetch GET 200 https://registry.npmjs.org/wrangler/-/wrangler-4.114.0.tgz 7519ms (cache miss)
600 http fetch GET 200 https://registry.npmjs.org/blake3-wasm/-/blake3-wasm-2.1.5.tgz 7732ms (cache miss)
601 http fetch GET 200 https://registry.npmjs.org/undici/-/undici-7.28.0.tgz 8219ms (cache miss)
602 http fetch GET 200 https://registry.npmjs.org/@speed-highlight/core/-/core-1.2.17.tgz 8849ms (cache miss)
603 http fetch GET 200 https://registry.npmjs.org/miniflare/-/miniflare-4.20260722.0.tgz 11906ms (cache miss)
604 http fetch GET 200 https://registry.npmjs.org/unenv/-/unenv-2.0.0-rc.24.tgz 14880ms (cache miss)
605 http fetch GET 200 https://registry.npmjs.org/@cloudflare/workerd-windows-64/-/workerd-windows-64-1.20260722.1.tgz 16291ms (cache miss)
606 info run esbuild@0.28.1 postinstall node_modules/esbuild node install.js
607 info run workerd@1.20260722.1 postinstall node_modules/workerd node install.js
608 info run workerd@1.20260722.1 postinstall { code: 0, signal: null }
609 info run esbuild@0.28.1 postinstall { code: 0, signal: null }
610 verbose cwd C:\Users\moham\Documents\256 team wc tourney
611 verbose os Windows_NT 10.0.26200
612 verbose node v24.15.0
613 verbose npm  v11.12.1
614 notice
614 notice New major version of npm available! 11.12.1 -> 12.0.1
614 notice Changelog: https://github.com/npm/cli/releases/tag/v12.0.1
614 notice To update run: npm install -g npm@12.0.1
614 notice  { force: true, Symbol(proc-log.meta): true }
615 verbose exit 0
616 info ok
